Microchip MPLAB XC8 Compiler V2.32

Linker command line:

-W-3 --edf=C:\Program Files\Microchip\xc8\v2.32\pic\dat\en_msgs.txt -cn \
  -h+dist/default/production\ProjFinal.X.production.sym \
  --cmf=dist/default/production\ProjFinal.X.production.cmf -z -Q18F4520 \
  -oC:\Users\Windows\AppData\Local\Temp\xcAs1vg.4 --defsym=__MPLAB_BUILD=1 \
  -Mdist/default/production/ProjFinal.X.production.map -E1 \
  -ver=XC8 Compiler --acfsm=1493 -ASTACK=080h-05FFh -pstack=STACK \
  -ACODE=00h-07FFFh -ACONST=00h-07FFFh -ASMALLCONST=0600h-06FFhx122 \
  -AMEDIUMCONST=0600h-07FFFh -ACOMRAM=01h-07Fh -AABS1=00h-05FFh \
  -ABIGRAM=01h-05FFh -ARAM=080h-0FFh,0100h-01FFhx5 -ABANK0=080h-0FFh \
  -ABANK1=0100h-01FFh -ABANK2=0200h-02FFh -ABANK3=0300h-03FFh \
  -ABANK4=0400h-04FFh -ABANK5=0500h-05FFh -ASFR=0F80h-0FFFh \
  -ACONFIG=0300000h-030000Dh -AIDLOC=0200000h-0200007h \
  -AEEDATA=0F00000h-0F000FFh -peeprom_data=EEDATA \
  -preset_vec=00h,intcode,intcodelo,powerup,init -pramtop=0600h \
  -psmallconst=SMALLCONST -pmediumconst=MEDIUMCONST -pconst=CONST \
  -AFARRAM=00h-00h \
  -prdata=COMRAM,nvrram=COMRAM,nvbit=COMRAM,rbss=COMRAM,rbit=COMRAM \
  -pfarbss=FARRAM,fardata=FARRAM,nvFARRAM=FARRAM \
  -pintsave_regs=BIGRAM,bigbss=BIGRAM,bigdata=BIGRAM -pbss=RAM \
  -pidata=CODE,irdata=CODE,ibigdata=CODE,ifardata=CODE -prparam=COMRAM \
  C:\Users\Windows\AppData\Local\Temp\xcAs1vg.o \
  dist/default/production\ProjFinal.X.production.o 

Object code version is 3.11

Machine type is 18F4520



                Name                               Link     Load   Length Selector   Space Scale
C:\Users\Windows\AppData\Local\Temp\xcAs1vg.o
                idloc                            200000   200000        8        0       5
                config                           300000   300000        E        0       4
                init                                  0        0        4        0       0
dist/default/production\ProjFinal.X.production.o
                idloc                            200000   200000        8        0       5
                config                           300000   300000        E        0       4
                smallconst                          600      600       88      300       0
                text34                             1586     1586       C4      344       0
                text33                             16FE     16FE       B0      344       0
                text32                              E20      E20      24E      344       0
                text31                             1AEE     1AEE       48      344       0
                text30                             1A50     1A50       50      344       0
                text29                             188E     188E       64      344       0
                text28                             11DA     11DA      16A      344       0
                text27                              BD2      BD2      24E      344       0
                text26                             1CB2     1CB2       2A      344       0
                text25                             1C88     1C88       2A      344       0
                text24                             1AA0     1AA0       4E      344       0
                text23                             1344     1344      136      344       0
                text22                             1B78     1B78       3E      344       0
                text21                             1C26     1C26       32      344       0
                text20                             1DBC     1DBC        A      EDE       0
                text19                             1C58     1C58       30      344       0
                text18                             1DC6     1DC6        2      EDE       0
                text17                             1B36     1B36       42      344       0
                text16                             18F2     18F2       5A      344       0
                text15                             1D6C     1D6C       1E      344       0
                text14                             1D28     1D28       26      344       0
                text13                             164A     164A       B4      344       0
                text12                             1BB6     1BB6       3A      344       0
                text11                             1D4E     1D4E       1E      344       0
                text10                             19FA     19FA       56      344       0
                text9                              147A     147A      10C      344       0
                text8                              1D02     1D02       26      344       0
                text7                              1D8A     1D8A       1A      344       0
                text6                              17AE     17AE       74      344       0
                text5                              1CDC     1CDC       26      344       0
                text4                              1822     1822       6C      344       0
                text3                              194C     194C       58      344       0
                text2                              19A4     19A4       56      344       0
                text1                              106E     106E      16C      344       0
                text0                               688      688      54A      344       0
                cstackCOMRAM                          1        1       3B        1       1
                dataCOMRAM                           3C       3C       17        1       1
                bssCOMRAM                            53       53        C        1       1
                cinit                              1BF0     1BF0       36      344       0
                idataCOMRAM                        1DA4     1DA4       17      344       0

TOTAL           Name                               Link     Load   Length     Space
        CLASS   STACK          

        CLASS   CODE           
                init                                  0        0        4         0
                text34                             1586     1586       C4         0
                text33                             16FE     16FE       B0         0
                text32                              E20      E20      24E         0
                text31                             1AEE     1AEE       48         0
                text30                             1A50     1A50       50         0
                text29                             188E     188E       64         0
                text28                             11DA     11DA      16A         0
                text27                              BD2      BD2      24E         0
                text26                             1CB2     1CB2       2A         0
                text25                             1C88     1C88       2A         0
                text24                             1AA0     1AA0       4E         0
                text23                             1344     1344      136         0
                text22                             1B78     1B78       3E         0
                text21                             1C26     1C26       32         0
                text20                             1DBC     1DBC        A         0
                text19                             1C58     1C58       30         0
                text18                             1DC6     1DC6        2         0
                text17                             1B36     1B36       42         0
                text16                             18F2     18F2       5A         0
                text15                             1D6C     1D6C       1E         0
                text14                             1D28     1D28       26         0
                text13                             164A     164A       B4         0
                text12                             1BB6     1BB6       3A         0
                text11                             1D4E     1D4E       1E         0
                text10                             19FA     19FA       56         0
                text9                              147A     147A      10C         0
                text8                              1D02     1D02       26         0
                text7                              1D8A     1D8A       1A         0
                text6                              17AE     17AE       74         0
                text5                              1CDC     1CDC       26         0
                text4                              1822     1822       6C         0
                text3                              194C     194C       58         0
                text2                              19A4     19A4       56         0
                text1                              106E     106E      16C         0
                text0                               688      688      54A         0
                cinit                              1BF0     1BF0       36         0
                idataCOMRAM                        1DA4     1DA4       17         0

        CLASS   CONST          

        CLASS   SMALLCONST     
                smallconst                          600      600       88         0

        CLASS   MEDIUMCONST    

        CLASS   COMRAM         
                cstackCOMRAM                          1        1       3B         1
                dataCOMRAM                           3C       3C       17         1
                bssCOMRAM                            53       53        C         1

        CLASS   ABS1           

        CLASS   BIGRAM         

        CLASS   RAM            

        CLASS   BANK0          

        CLASS   BANK1          

        CLASS   BANK2          

        CLASS   BANK3          

        CLASS   BANK4          

        CLASS   BANK5          

        CLASS   SFR            

        CLASS   CONFIG         
                config                           300000   300000        E         4

        CLASS   IDLOC          
                idloc                            200000   200000        8         5

        CLASS   EEDATA         

        CLASS   FARRAM         



SEGMENTS        Name                           Load    Length   Top    Selector   Space  Class

                reset_vec                      000000  000004  000004         0       0  CODE    
                cstackCOMRAM                   000001  00005E  00005F         1       1  COMRAM  
                smallconst                     000600  000088  000688       300       0  SMALLCON
                text0                          000688  001733  001DBB       344       0  CODE    
                text20                         001DBC  00000C  001DC8       EDE       0  CODE    


UNUSED ADDRESS RANGES

        Name                Unused          Largest block    Delta
        BANK0            000080-0000FF               80
        BANK1            000100-0001FF              100
        BANK2            000200-0002FF              100
        BANK3            000300-0003FF              100
        BANK4            000400-0004FF              100
        BANK5            000500-0005FF              100
        BIGRAM           00005F-0005FF              5A1
        CODE             000004-0005FF              5FC
                         001DBB-001DBB                1
                         001DC8-007FFF             6238
        COMRAM           00005F-00007F               21
        CONST            000004-0005FF              5FC
                         001DBB-001DBB                1
                         001DC8-007FFF             6238
        EEDATA           F00000-F000FF              100
        MEDIUMCONST      001DBB-001DBB                1
                         001DC8-007FFF             6238
        RAM              000080-0005FF              100
        SFR              000F80-000FFF               80
        SMALLCONST       001DBB-001DBB                1
                         001DC8-007FFF              100
        STACK            000080-0005FF              580

                                  Symbol Table

?___aldiv                cstackCOMRAM 000001
?___awdiv                cstackCOMRAM 000001
?___awmod                cstackCOMRAM 000009
?___lwdiv                cstackCOMRAM 000001
?___wmul                 cstackCOMRAM 000001
?_adcRead                cstackCOMRAM 000001
?_digitalRead            cstackCOMRAM 000001
?_kpRead                 cstackCOMRAM 000001
_ADCON0                  (abs)        000FC2
_ADCON1                  (abs)        000FC1
_ADCON2                  (abs)        000FC0
_ADRESH                  (abs)        000FC4
_ADRESL                  (abs)        000FC3
_BAUDCON                 (abs)        000FB8
_CCP2CON                 (abs)        000FBA
_CCPR2L                  (abs)        000FBB
_PIR1                    (abs)        000F9E
_PORTA                   (abs)        000F80
_PORTB                   (abs)        000F81
_PORTC                   (abs)        000F82
_PORTD                   (abs)        000F83
_PORTE                   (abs)        000F84
_PR2                     (abs)        000FCB
_PulseClockData          text26       001CB2
_PulseEnClock            text25       001C88
_RCREG                   (abs)        000FAE
_RCSTA                   (abs)        000FAB
_SPBRG                   (abs)        000FAF
_SPBRGH                  (abs)        000FB0
_T2CON                   (abs)        000FCA
_TRISA                   (abs)        000F92
_TRISB                   (abs)        000F93
_TRISC                   (abs)        000F94
_TRISD                   (abs)        000F95
_TRISE                   (abs)        000F96
_TXREG                   (abs)        000FAD
_TXSTA                   (abs)        000FAC
__HRAM                   (abs)        000000
__Habs1                  abs1         000000
__Hbank0                 bank0        000000
__Hbank1                 bank1        000000
__Hbank2                 bank2        000000
__Hbank3                 bank3        000000
__Hbank4                 bank4        000000
__Hbank5                 bank5        000000
__Hbigbss                bigbss       000000
__Hbigdata               bigdata      000000
__Hbigram                bigram       000000
__Hbss                   bss          000000
__HbssCOMRAM             bssCOMRAM    000000
__Hcinit                 cinit        000000
__Hclrtext               clrtext      000000
__Hcomram                comram       000000
__Hconfig                config       30000E
__Hconst                 const        000000
__HcstackCOMRAM          cstackCOMRAM 000000
__Hdata                  data         000000
__HdataCOMRAM            dataCOMRAM   000000
__Heeprom_data           eeprom_data  000000
__Hfarbss                farbss       000000
__Hfardata               fardata      000000
__Hibigdata              ibigdata     000000
__Hidata                 idata        000000
__HidataCOMRAM           idataCOMRAM  000000
__Hidloc                 idloc        200008
__Hifardata              ifardata     000000
__Hinit                  init         000004
__Hintcode               intcode      000000
__Hintcode_body          intcode_body 000000
__Hintcodelo             intcodelo    000000
__Hintentry              intentry     000000
__Hintret                intret       000000
__Hintsave_regs          intsave_regs 000000
__Hirdata                irdata       000000
__Hmediumconst           mediumconst  000000
__HnvFARRAM              nvFARRAM     000000
__Hnvbit                 nvbit        000000
__Hnvrram                nvrram       000000
__Hparam                 rparam       000000
__Hpowerup               powerup      000000
__Hram                   ram          000000
__Hramtop                ramtop       000600
__Hrbit                  rbit         000000
__Hrbss                  rbss         000000
__Hrdata                 rdata        000000
__Hreset_vec             reset_vec    000000
__Hrparam                rparam       000000
__Hsfr                   sfr          000000
__Hsmallconst            smallconst   000688
__Hspace_0               (abs)        001DC8
__Hspace_1               (abs)        00005F
__Hspace_2               (abs)        000000
__Hspace_4               (abs)        60000E
__Hstack                 stack        000000
__Hstruct                struct       000000
__Htemp                  temp         000000
__Htext                  text         000000
__Htext0                 text0        000000
__Htext1                 text1        000000
__Htext10                text10       000000
__Htext11                text11       000000
__Htext12                text12       000000
__Htext13                text13       000000
__Htext14                text14       000000
__Htext15                text15       000000
__Htext16                text16       000000
__Htext17                text17       000000
__Htext18                text18       000000
__Htext19                text19       000000
__Htext2                 text2        000000
__Htext20                text20       000000
__Htext21                text21       000000
__Htext22                text22       000000
__Htext23                text23       000000
__Htext24                text24       000000
__Htext25                text25       000000
__Htext26                text26       000000
__Htext27                text27       000000
__Htext28                text28       000000
__Htext29                text29       000000
__Htext3                 text3        000000
__Htext30                text30       000000
__Htext31                text31       000000
__Htext32                text32       000000
__Htext33                text33       000000
__Htext34                text34       000000
__Htext4                 text4        000000
__Htext5                 text5        000000
__Htext6                 text6        000000
__Htext7                 text7        000000
__Htext8                 text8        000000
__Htext9                 text9        000000
__LRAM                   (abs)        000001
__Labs1                  abs1         000000
__Lbank0                 bank0        000000
__Lbank1                 bank1        000000
__Lbank2                 bank2        000000
__Lbank3                 bank3        000000
__Lbank4                 bank4        000000
__Lbank5                 bank5        000000
__Lbigbss                bigbss       000000
__Lbigdata               bigdata      000000
__Lbigram                bigram       000000
__Lbss                   bss          000000
__LbssCOMRAM             bssCOMRAM    000000
__Lcinit                 cinit        000000
__Lclrtext               clrtext      000000
__Lcomram                comram       000000
__Lconfig                config       000000
__Lconst                 const        000000
__LcstackCOMRAM          cstackCOMRAM 000000
__Ldata                  data         000000
__LdataCOMRAM            dataCOMRAM   000000
__Leeprom_data           eeprom_data  000000
__Lfarbss                farbss       000000
__Lfardata               fardata      000000
__Libigdata              ibigdata     000000
__Lidata                 idata        000000
__LidataCOMRAM           idataCOMRAM  000000
__Lidloc                 idloc        000000
__Lifardata              ifardata     000000
__Linit                  init         000000
__Lintcode               intcode      000000
__Lintcode_body          intcode_body 000000
__Lintcodelo             intcodelo    000000
__Lintentry              intentry     000000
__Lintret                intret       000000
__Lintsave_regs          intsave_regs 000000
__Lirdata                irdata       000000
__Lmediumconst           mediumconst  000000
__LnvFARRAM              nvFARRAM     000000
__Lnvbit                 nvbit        000000
__Lnvrram                nvrram       000000
__Lparam                 rparam       000000
__Lpowerup               powerup      000000
__Lram                   ram          000000
__Lramtop                ramtop       000600
__Lrbit                  rbit         000000
__Lrbss                  rbss         000000
__Lrdata                 rdata        000000
__Lreset_vec             reset_vec    000000
__Lrparam                rparam       000000
__Lsfr                   sfr          000000
__Lsmallconst            smallconst   000600
__Lspace_0               (abs)        000000
__Lspace_1               (abs)        000000
__Lspace_2               (abs)        000000
__Lspace_4               (abs)        000000
__Lstack                 stack        000000
__Lstruct                struct       000000
__Ltemp                  temp         000000
__Ltext                  text         000000
__Ltext0                 text0        000000
__Ltext1                 text1        000000
__Ltext10                text10       000000
__Ltext11                text11       000000
__Ltext12                text12       000000
__Ltext13                text13       000000
__Ltext14                text14       000000
__Ltext15                text15       000000
__Ltext16                text16       000000
__Ltext17                text17       000000
__Ltext18                text18       000000
__Ltext19                text19       000000
__Ltext2                 text2        000000
__Ltext20                text20       000000
__Ltext21                text21       000000
__Ltext22                text22       000000
__Ltext23                text23       000000
__Ltext24                text24       000000
__Ltext25                text25       000000
__Ltext26                text26       000000
__Ltext27                text27       000000
__Ltext28                text28       000000
__Ltext29                text29       000000
__Ltext3                 text3        000000
__Ltext30                text30       000000
__Ltext31                text31       000000
__Ltext32                text32       000000
__Ltext33                text33       000000
__Ltext34                text34       000000
__Ltext4                 text4        000000
__Ltext5                 text5        000000
__Ltext6                 text6        000000
__Ltext7                 text7        000000
__Ltext8                 text8        000000
__Ltext9                 text9        000000
__S0                     (abs)        001DC8
__S1                     (abs)        00005F
__S2                     (abs)        000000
__S4                     (abs)        000000
__S5                     (abs)        000000
___aldiv                 text9        00147A
___aldiv@counter         cstackCOMRAM 000009
___aldiv@dividend        cstackCOMRAM 000001
___aldiv@divisor         cstackCOMRAM 000005
___aldiv@quotient        cstackCOMRAM 00000B
___aldiv@sign            cstackCOMRAM 00000A
___awdiv                 text34       001586
___awdiv@counter         cstackCOMRAM 000005
___awdiv@dividend        cstackCOMRAM 000001
___awdiv@divisor         cstackCOMRAM 000003
___awdiv@quotient        cstackCOMRAM 000007
___awdiv@sign            cstackCOMRAM 000006
___awmod                 text33       0016FE
___awmod@counter         cstackCOMRAM 00000D
___awmod@dividend        cstackCOMRAM 000009
___awmod@divisor         cstackCOMRAM 00000B
___awmod@sign            cstackCOMRAM 00000E
___inthi_sp              stack        000000
___intlo_sp              stack        000000
___lwdiv                 text6        0017AE
___lwdiv@counter         cstackCOMRAM 000007
___lwdiv@dividend        cstackCOMRAM 000001
___lwdiv@divisor         cstackCOMRAM 000003
___lwdiv@quotient        cstackCOMRAM 000005
___param_bank            (abs)        000000
___rparam_used           (abs)        000001
___sp                    stack        000000
___wmul                  text5        001CDC
___wmul@multiplicand     cstackCOMRAM 000003
___wmul@multiplier       cstackCOMRAM 000001
___wmul@product          cstackCOMRAM 000005
__accesstop              (abs)        000080
__activetblptr           (abs)        000002
__end_of_PulseClockData  text26       001CDC
__end_of_PulseEnClock    text25       001CB2
__end_of___aldiv         text9        001586
__end_of___awdiv         text34       00164A
__end_of___awmod         text33       0017AE
__end_of___lwdiv         text6        001822
__end_of___wmul          text5        001D02
__end_of__initialization cinit        001C1C
__end_of_adcInit         text31       001B36
__end_of_adcRead         text30       001AA0
__end_of_atraso_ms       text29       0018F2
__end_of_charKey         smallconst   00061B
__end_of_delayMicro      text18       001DC8
__end_of_delayMili       text19       001C88
__end_of_digitalRead     text28       001344
__end_of_digitalWrite    text27       000E20
__end_of_kpDebounce      text23       00147A
__end_of_kpInit          text21       001C58
__end_of_kpRead          text20       001DC6
__end_of_lcdChar         text11       001D6C
__end_of_lcdCommand      text15       001D8A
__end_of_lcdInit         text13       0016FE
__end_of_lcdPosition     text12       001BF0
__end_of_lcdString       text10       001A50
__end_of_main            text0        000BD2
__end_of_pinMode         text32       00106E
__end_of_pulseEnablePin  text17       001B78
__end_of_pushByte        text16       00194C
__end_of_pushNibble      text14       001D4E
__end_of_pwmFrequency    text8        001D28
__end_of_pwmInit         text7        001DA4
__end_of_pwmSet          text4        00188E
__end_of_soInit          text22       001BB6
__end_of_soWrite         text24       001AEE
__end_of_ssdDigit        text3        0019A4
__end_of_ssdInit         text2        0019FA
__end_of_ssdUpdate       text1        0011DA
__end_of_valor           smallconst   000611
__initialization         cinit        001BF0
__mediumconst            mediumconst  000000
__pbssCOMRAM             bssCOMRAM    000053
__pcinit                 cinit        001BF0
__pcstackCOMRAM          cstackCOMRAM 000001
__pdataCOMRAM            dataCOMRAM   00003C
__pidataCOMRAM           idataCOMRAM  001DA4
__psmallconst            smallconst   000600
__ptext0                 text0        000688
__ptext1                 text1        00106E
__ptext10                text10       0019FA
__ptext11                text11       001D4E
__ptext12                text12       001BB6
__ptext13                text13       00164A
__ptext14                text14       001D28
__ptext15                text15       001D6C
__ptext16                text16       0018F2
__ptext17                text17       001B36
__ptext18                text18       001DC6
__ptext19                text19       001C58
__ptext2                 text2        0019A4
__ptext20                text20       001DBC
__ptext21                text21       001C26
__ptext22                text22       001B78
__ptext23                text23       001344
__ptext24                text24       001AA0
__ptext25                text25       001C88
__ptext26                text26       001CB2
__ptext27                text27       000BD2
__ptext28                text28       0011DA
__ptext29                text29       00188E
__ptext3                 text3        00194C
__ptext30                text30       001A50
__ptext31                text31       001AEE
__ptext32                text32       000E20
__ptext33                text33       0016FE
__ptext34                text34       001586
__ptext4                 text4        001822
__ptext5                 text5        001CDC
__ptext6                 text6        0017AE
__ptext7                 text7        001D8A
__ptext8                 text8        001D02
__ptext9                 text9        00147A
__ramtop                 ramtop       000600
__size_of_PulseClockData (abs)        000000
__size_of_PulseEnClock   (abs)        000000
__size_of___aldiv        (abs)        000000
__size_of___awdiv        (abs)        000000
__size_of___awmod        (abs)        000000
__size_of___lwdiv        (abs)        000000
__size_of___wmul         (abs)        000000
__size_of_adcInit        (abs)        000000
__size_of_adcRead        (abs)        000000
__size_of_atraso_ms      (abs)        000000
__size_of_delayMicro     (abs)        000000
__size_of_delayMili      (abs)        000000
__size_of_digitalRead    (abs)        000000
__size_of_digitalWrite   (abs)        000000
__size_of_kpDebounce     (abs)        000000
__size_of_kpInit         (abs)        000000
__size_of_kpRead         (abs)        000000
__size_of_lcdChar        (abs)        000000
__size_of_lcdCommand     (abs)        000000
__size_of_lcdInit        (abs)        000000
__size_of_lcdPosition    (abs)        000000
__size_of_lcdString      (abs)        000000
__size_of_main           (abs)        000000
__size_of_pinMode        (abs)        000000
__size_of_pulseEnablePin (abs)        000000
__size_of_pushByte       (abs)        000000
__size_of_pushNibble     (abs)        000000
__size_of_pwmFrequency   (abs)        000000
__size_of_pwmInit        (abs)        000000
__size_of_pwmSet         (abs)        000000
__size_of_soInit         (abs)        000000
__size_of_soWrite        (abs)        000000
__size_of_ssdDigit       (abs)        000000
__size_of_ssdInit        (abs)        000000
__size_of_ssdUpdate      (abs)        000000
__smallconst             smallconst   000600
_adcInit                 text31       001AEE
_adcRead                 text30       001A50
_atraso_ms               text29       00188E
_delayMicro              text18       001DC6
_delayMili               text19       001C58
_digitalRead             text28       0011DA
_digitalWrite            text27       000BD2
_display                 bssCOMRAM    00005D
_keys                    bssCOMRAM    000057
_kpDebounce              text23       001344
_kpInit                  text21       001C26
_kpRead                  text20       001DBC
_lcdChar                 text11       001D4E
_lcdCommand              text15       001D6C
_lcdInit                 text13       00164A
_lcdPosition             text12       001BB6
_lcdString               text10       0019FA
_main                    text0        000688
_pinMode                 text32       000E20
_pulseEnablePin          text17       001B36
_pushByte                text16       0018F2
_pushNibble              text14       001D28
_pwmFrequency            text8        001D02
_pwmInit                 text7        001D8A
_pwmSet                  text4        001822
_soInit                  text22       001B78
_soWrite                 text24       001AA0
_ssdDigit                text3        00194C
_ssdInit                 text2        0019A4
_ssdUpdate               text1        00106E
_v0                      bssCOMRAM    00005C
_v1                      bssCOMRAM    00005B
_v2                      bssCOMRAM    00005A
_v3                      bssCOMRAM    000059
_valor                   smallconst   000601
adcRead@ADvalor          cstackCOMRAM 000003
adcRead@channel          cstackCOMRAM 000001
atraso_ms@i              cstackCOMRAM 000003
atraso_ms@j              cstackCOMRAM 000005
atraso_ms@k              cstackCOMRAM 000006
atraso_ms@num            cstackCOMRAM 000001
delayMicro@a             cstackCOMRAM 000001
delayMili@a              cstackCOMRAM 000001
delayMili@i              cstackCOMRAM 000004
digitalRead@pin          cstackCOMRAM 000001
digitalWrite@pin         cstackCOMRAM 000001
digitalWrite@value       cstackCOMRAM 000003
end_of_initialization    cinit        001C1C
intlevel0                text         000000
intlevel1                text         000000
intlevel2                text         000000
intlevel3                text         000000
isa$std                  (abs)        000001
isa$xinst                (abs)        000000
kpDebounce@i             cstackCOMRAM 00000D
kpDebounce@newRead       bssCOMRAM    000055
kpDebounce@oldRead       bssCOMRAM    000053
kpDebounce@tempo         bssCOMRAM    00005E
lcdChar@value            cstackCOMRAM 00000E
lcdCommand@value         cstackCOMRAM 00000E
lcdPosition@col          cstackCOMRAM 000011
lcdPosition@line         cstackCOMRAM 00000F
lcdString@i              cstackCOMRAM 000013
lcdString@msg            cstackCOMRAM 00000F
main@F2388               dataCOMRAM   00003C
main@F2390               dataCOMRAM   00004C
main@altitude            cstackCOMRAM 00003A
main@j                   cstackCOMRAM 000036
main@k                   cstackCOMRAM 000037
main@leds                cstackCOMRAM 00001A
main@mudancaGradual      cstackCOMRAM 000031
main@op                  cstackCOMRAM 000033
main@pwmVal              cstackCOMRAM 000034
main@slot                cstackCOMRAM 000035
main@tecla               cstackCOMRAM 000038
main@ultimoAlt           cstackCOMRAM 000021
pinMode@pin              cstackCOMRAM 000001
pinMode@type             cstackCOMRAM 000003
pushByte@rs              cstackCOMRAM 00000A
pushByte@value           cstackCOMRAM 00000D
pushNibble@rs            cstackCOMRAM 00000A
pushNibble@value         cstackCOMRAM 00000C
pwmFrequency@freq        cstackCOMRAM 00000F
pwmSet@porcento          cstackCOMRAM 00000A
pwmSet@val               cstackCOMRAM 00000B
soWrite@i                cstackCOMRAM 000009
soWrite@value            cstackCOMRAM 000007
ssdDigit@pos             cstackCOMRAM 00000F
ssdDigit@val             cstackCOMRAM 000010
stackhi                  (abs)        0005FF
stacklo                  (abs)        000080
start                    init         000000
start_initialization     cinit        001BF0


MODULE INFORMATION

Module		Function		Class		Link	Load	Size
ssd.c
		_ssdInit       		CODE           	19A4	0000	86
		_ssdDigit      		CODE           	194C	0000	88
		_ssdUpdate     		CODE           	106E	0000	364

ssd.c estimated size: 538

C:\Program Files\Microchip\xc8\v2.32\pic\sources\c99\common\awdiv.c
		___awdiv       		CODE           	1586	0000	196

C:\Program Files\Microchip\xc8\v2.32\pic\sources\c99\common\awdiv.c estimated size: 196

C:\Program Files\Microchip\xc8\v2.32\pic\sources\c99\common\aldiv.c
		___aldiv       		CODE           	147A	0000	268

C:\Program Files\Microchip\xc8\v2.32\pic\sources\c99\common\aldiv.c estimated size: 268

keypad.c
		_kpInit        		CODE           	1C26	0000	50
		_kpDebounce    		CODE           	1344	0000	310
		_kpRead        		CODE           	1DBC	0000	10

keypad.c estimated size: 370

so.c
		_soInit        		CODE           	1B78	0000	62
		_soWrite       		CODE           	1AA0	0000	78
		_PulseEnClock  		CODE           	1C88	0000	42
		_PulseClockData		CODE           	1CB2	0000	42

so.c estimated size: 224

io.c
		_digitalRead   		CODE           	11DA	0000	362
		_digitalWrite  		CODE           	0BD2	0000	590
		_pinMode       		CODE           	0E20	0000	590

io.c estimated size: 1542

pwm.c
		_pwmInit       		CODE           	1D8A	0000	26
		_pwmFrequency  		CODE           	1D02	0000	38
		_pwmSet        		CODE           	1822	0000	108

pwm.c estimated size: 172

C:\Program Files\Microchip\xc8\v2.32\pic\sources\c99\common\Umul16.c
		___wmul        		CODE           	1CDC	0000	38

C:\Program Files\Microchip\xc8\v2.32\pic\sources\c99\common\Umul16.c estimated size: 38

atraso.c
		_atraso_ms     		CODE           	188E	0000	100

atraso.c estimated size: 100

adc.c
		_adcRead       		CODE           	1A50	0000	80
		_adcInit       		CODE           	1AEE	0000	72

adc.c estimated size: 152

shared
		_valor         		SMALLCONST     	0601	0000	16
		_charKey       		SMALLCONST     	0000	0000	0
		__initialization		CODE           	1BF0	0000	44

shared estimated size: 60

C:\Program Files\Microchip\xc8\v2.32\pic\sources\c99\common\awmod.c
		___awmod       		CODE           	16FE	0000	176

C:\Program Files\Microchip\xc8\v2.32\pic\sources\c99\common\awmod.c estimated size: 176

C:\Program Files\Microchip\xc8\v2.32\pic\sources\c99\common\lwdiv.c
		___lwdiv       		CODE           	17AE	0000	116

C:\Program Files\Microchip\xc8\v2.32\pic\sources\c99\common\lwdiv.c estimated size: 116

lcd.c
		_lcdCommand    		CODE           	1D6C	0000	30
		_lcdChar       		CODE           	1D4E	0000	30
		_lcdString     		CODE           	19FA	0000	86
		_pulseEnablePin		CODE           	1B36	0000	66
		_pushByte      		CODE           	18F2	0000	90
		_lcdPosition   		CODE           	1BB6	0000	58
		_pushNibble    		CODE           	1D28	0000	38
		_lcdInit       		CODE           	164A	0000	180
		_delayMili     		CODE           	1C58	0000	48
		_delayMicro    		CODE           	1DC6	0000	2

lcd.c estimated size: 628

main.c
		_main          		CODE           	0688	0000	1354

main.c estimated size: 1354

